3.8181 	INFO 	Loaded monitor calibration from ['2025_08_19 09:48']
3.9881 	INFO 	Using renderer 'Intel(R) UHD Graphics' for graphics
3.9881 	INFO 	OpenGL version supported by driver is 4..
3.9996 	EXP 	Created window1 = Window(allowGUI=True, allowStencil=False, autoLog=True, backendConf=UNKNOWN, backgroundFit=<method-wrapper '__getattribute__' of attributeSetter object at 0x00000138D80F59C0>, backgroundImage=<method-wrapper '__getattribute__' of attributeSetter object at 0x00000138D80F5960>, bitsMode=UNKNOWN, blendMode='avg', bpc=(8, 8, 8), color=array([0, 0, 0]), colorSpace='rgb', depthBits=8, fullscr=False, gamma=None, gammaErrorPolicy='raise', infoMsg=UNKNOWN, lms=UNKNOWN, monitor=<psychopy.monitors.calibTools.Monitor object at 0x00000138D76388B0>, multiSample=False, name='window1', numSamples=2, pos=[np.float64(140.0), np.float64(60.0)], screen=0, size=array([1000,  600]), stencilBits=0, stereo=False, title='PsychoPy', units='height', useFBO=True, useRetina=False, viewOri=0.0, viewPos=None, viewScale=None, waitBlanking=True, winType='pyglet')
3.9997 	EXP 	window1: backgroundImage = ''
3.9997 	EXP 	window1: backgroundFit = 'none'
4.3229 	EXP 	window1: Attempting to measure frame rate of screen (0) ...
4.3230 	EXP 	window1: recordFrameIntervals = False
4.4970 	EXP 	window1: recordFrameIntervals = True
4.6804 	EXP 	Screen (0) actual frame rate measured at 60.09Hz
4.6804 	EXP 	window1: recordFrameIntervals = False
4.8923 	INFO 	keyboard.Keyboard is using ptb backend.
4.8925 	INFO 	keyboard.Keyboard is using ptb backend.
4.8925 	EXP 	untitled: status = STARTED
4.8958 	EXP 	Created fixation = ShapeStim(__class__=<class 'psychopy.visual.shape.ShapeStim'>, anchor=('center', 'center'), autoDraw=False, autoLog=True, closeShape=True, color=method-wrapper(...), colorSpace='rgb', contrast=None, depth=-1.0, draggable=False, fillColor=array([1, 1, 1]), fillColorSpace='rgb', fillRGB=array([1, 1, 1]), interpolate=True, lineColor=array([1., 1., 1.]), lineColorSpace='rgb', lineRGB=array([1, 1, 1]), lineWidth=1.0, name='fixation', opacity=1, ori=0.0, pos=array([0., 0.]), size=array([0.1, 0.1]), units='height', vertices=ndarray(...), win=Window(...), windingRule=None)
4.9064 	EXP 	Created grating = GratingStim(__class__=<class 'psychopy.visual.grating.GratingStim'>, anchor='center', autoDraw=False, autoLog=True, blendmode='avg', color=array([0.5, 0.5, 0.5]), colorSpace='rgb', contrast=0.5, depth=-2.0, draggable=False, interpolate=True, mask='gauss', maskParams=None, name='grating', opacity=1, ori=1.0, phase=array([0., 0.]), pos=array([0., 0.]), rgbPedestal=array([0., 0., 0.]), sf=array([8., 8.]), size=array([0.3, 0.3]), tex='sin', texRes=128.0, units='height', win=Window(...))
0.0065 	WARNING 	Increasing number of minimum required reversals to the number of step sizes, (4).
0.0234 	EXP 	grating: ori = np.float64(-10.0)
0.0234 	EXP 	fixation: autoDraw = True
0.5076 	INFO 	Keyboard events cleared
0.5075 	EXP 	grating: autoDraw = True
0.5075 	EXP 	grating: tex = 'sin'
0.5232 	EXP 	fixation: autoDraw = False
0.8064 	EXP 	grating: autoDraw = False
2.5096 	EXP 	Device response: <KeyPress from None: t=2.493684000102803, value=right, duration=None>
2.5108 	DATA 	Keypress: right
2.5215 	EXP 	fixation: autoDraw = False
2.5215 	EXP 	grating: autoDraw = False
2.5215 	EXP 	grating: ori = np.float64(12.0)
2.5215 	EXP 	fixation: autoDraw = True
2.5724 	EXP 	Device response: <KeyPress from None: t=2.493684000102803, value=right, duration=0.0759340999647975>
3.0225 	INFO 	Keyboard events cleared
3.0224 	EXP 	fixation: autoDraw = False
3.0224 	EXP 	grating: autoDraw = True
3.3209 	EXP 	grating: autoDraw = False
3.7560 	EXP 	Device response: <KeyPress from None: t=3.7529664000030607, value=right, duration=None>
3.7570 	DATA 	Keypress: right
3.7711 	EXP 	fixation: autoDraw = False
3.7711 	EXP 	grating: autoDraw = False
3.7711 	EXP 	grating: ori = np.float64(11.0)
3.7711 	EXP 	fixation: autoDraw = True
3.8053 	EXP 	Device response: <KeyPress from None: t=3.7529664000030607, value=right, duration=0.049145600060001016>
4.2707 	INFO 	Keyboard events cleared
4.2706 	EXP 	fixation: autoDraw = False
4.2706 	EXP 	grating: autoDraw = True
4.5697 	EXP 	grating: autoDraw = False
4.6868 	EXP 	Device response: <KeyPress from None: t=4.678847800008953, value=right, duration=None>
4.6875 	DATA 	Keypress: right
4.7030 	EXP 	fixation: autoDraw = False
4.7030 	EXP 	grating: autoDraw = False
4.7030 	EXP 	grating: ori = np.float64(-11.0)
4.7030 	EXP 	fixation: autoDraw = True
4.7873 	EXP 	Device response: <KeyPress from None: t=4.678847800008953, value=right, duration=0.10075440001673996>
5.1197 	EXP 	Device response: <KeyPress from None: t=5.116566500044428, value=right, duration=None>
5.1204 	DATA 	Keypress: right
5.1867 	INFO 	Keyboard events cleared
5.1865 	EXP 	grating: autoDraw = True
5.2034 	EXP 	fixation: autoDraw = False
5.4869 	EXP 	grating: autoDraw = False
5.9707 	EXP 	Device response: <KeyPress from None: t=5.968690700014122, value=right, duration=None>
5.9717 	DATA 	Keypress: right
5.9856 	EXP 	fixation: autoDraw = False
5.9856 	EXP 	grating: autoDraw = False
5.9856 	EXP 	grating: ori = np.float64(12.0)
5.9856 	EXP 	fixation: autoDraw = True
6.0529 	EXP 	Device response: <KeyPress from None: t=5.116566500044428, value=right, duration=0.9205127999885008>
6.4859 	INFO 	Keyboard events cleared
6.4858 	EXP 	fixation: autoDraw = False
6.4858 	EXP 	grating: autoDraw = True
6.6026 	EXP 	Device response: <KeyPress from None: t=6.589935200056061, value=left, duration=None>
6.6036 	DATA 	Keypress: left
6.6183 	EXP 	fixation: autoDraw = False
6.6183 	EXP 	grating: autoDraw = False
6.6183 	EXP 	grating: ori = np.float64(-13.0)
6.6183 	EXP 	fixation: autoDraw = True
6.7356 	EXP 	Device response: <KeyPress from None: t=6.589935200056061, value=left, duration=0.14380149997305125>
6.9686 	EXP 	Device response: <KeyPress from None: t=6.95896200009156, value=left, duration=None>
6.9693 	DATA 	Keypress: left
7.1016 	EXP 	Device response: <KeyPress from None: t=6.95896200009156, value=left, duration=0.12653459992725402>
7.1180 	INFO 	Keyboard events cleared
7.1179 	EXP 	fixation: autoDraw = False
7.1179 	EXP 	grating: autoDraw = True
7.4175 	EXP 	grating: autoDraw = False
7.4347 	EXP 	Device response: <KeyPress from None: t=7.424799800035544, value=left, duration=None>
7.4358 	DATA 	Keypress: left
7.4510 	EXP 	fixation: autoDraw = False
7.4510 	EXP 	grating: autoDraw = False
7.4510 	EXP 	grating: ori = np.float64(-13.0)
7.4510 	EXP 	fixation: autoDraw = True
7.5513 	EXP 	Device response: <KeyPress from None: t=7.424799800035544, value=left, duration=0.11255069996695966>
7.9340 	INFO 	Keyboard events cleared
7.9339 	EXP 	grating: autoDraw = True
7.9509 	EXP 	fixation: autoDraw = False
8.0358 	EXP 	Device response: <KeyPress from None: t=8.033903800067492, value=right, duration=None>
8.0368 	DATA 	Keypress: right
8.0506 	EXP 	fixation: autoDraw = False
8.0506 	EXP 	grating: autoDraw = False
8.0506 	EXP 	grating: ori = np.float64(14.0)
8.0506 	EXP 	fixation: autoDraw = True
8.1839 	EXP 	Device response: <KeyPress from None: t=5.968690700014122, value=right, duration=2.210685700061731>
8.5507 	INFO 	Keyboard events cleared
8.5506 	EXP 	fixation: autoDraw = False
8.5506 	EXP 	grating: autoDraw = True
8.6507 	EXP 	Device response: <KeyPress from None: t=8.643605599994771, value=right, duration=None>
8.6517 	DATA 	Keypress: right
8.6670 	EXP 	fixation: autoDraw = False
8.6670 	EXP 	grating: autoDraw = False
8.6670 	EXP 	grating: ori = np.float64(14.0)
8.6670 	EXP 	fixation: autoDraw = True
8.7841 	EXP 	Device response: <KeyPress from None: t=8.033903800067492, value=right, duration=0.7413471000036225>
9.1665 	INFO 	Keyboard events cleared
9.1664 	EXP 	fixation: autoDraw = False
9.1664 	EXP 	grating: autoDraw = True
9.4670 	EXP 	grating: autoDraw = False
10.2327 	EXP 	Device response: <KeyPress from None: t=10.22744180005975, value=left, duration=None>
10.2336 	DATA 	Keypress: left
10.2487 	EXP 	fixation: autoDraw = False
10.2487 	EXP 	grating: autoDraw = False
10.2487 	EXP 	grating: ori = np.float64(15.0)
10.2487 	EXP 	fixation: autoDraw = True
10.3660 	EXP 	Device response: <KeyPress from None: t=10.22744180005975, value=left, duration=0.1299595000455156>
10.7315 	INFO 	Keyboard events cleared
10.7314 	EXP 	grating: autoDraw = True
10.7487 	EXP 	fixation: autoDraw = False
10.9502 	EXP 	Device response: <KeyPress from None: t=10.946325900033116, value=left, duration=None>
10.9513 	DATA 	Keypress: left
10.9654 	EXP 	fixation: autoDraw = False
10.9654 	EXP 	grating: autoDraw = False
10.9654 	EXP 	grating: ori = np.float64(16.0)
10.9654 	EXP 	fixation: autoDraw = True
10.9828 	EXP 	Device response: <KeyPress from None: t=10.946325900033116, value=left, duration=0.03532430005725473>
11.4648 	INFO 	Keyboard events cleared
11.4647 	EXP 	grating: autoDraw = True
11.4815 	EXP 	fixation: autoDraw = False
11.7642 	EXP 	grating: autoDraw = False
12.9985 	EXP 	Device response: <KeyPress from None: t=12.995074500096962, value=right, duration=None>
13.0002 	DATA 	Keypress: right
13.0139 	EXP 	fixation: autoDraw = False
13.0139 	EXP 	grating: autoDraw = False
13.0139 	EXP 	grating: ori = np.float64(-16.0)
13.0139 	EXP 	fixation: autoDraw = True
13.1647 	EXP 	Device response: <KeyPress from None: t=8.643605599994771, value=right, duration=4.510086000082083>
13.5140 	INFO 	Keyboard events cleared
13.5138 	EXP 	fixation: autoDraw = False
13.5138 	EXP 	grating: autoDraw = True
13.6650 	EXP 	Device response: <KeyPress from None: t=13.66168350004591, value=right, duration=None>
13.6668 	DATA 	Keypress: right
13.6805 	EXP 	fixation: autoDraw = False
13.6805 	EXP 	grating: autoDraw = False
13.6805 	EXP 	grating: ori = np.float64(17.0)
13.6805 	EXP 	fixation: autoDraw = True
13.7973 	EXP 	Device response: <KeyPress from None: t=12.995074500096962, value=right, duration=0.7895634999731556>
14.1478 	EXP 	Device response: <KeyPress from None: t=14.145240700105205, value=right, duration=None>
14.1490 	DATA 	Keypress: right
14.1802 	INFO 	Keyboard events cleared
14.1800 	EXP 	fixation: autoDraw = False
14.1800 	EXP 	grating: autoDraw = True
14.3304 	EXP 	Device response: <KeyPress from None: t=13.66168350004591, value=right, duration=0.6583547999616712>
14.4799 	EXP 	grating: autoDraw = False
14.6467 	EXP 	Device response: <KeyPress from None: t=14.63383030006662, value=right, duration=None>
14.6484 	DATA 	Keypress: right
14.6626 	EXP 	fixation: autoDraw = False
14.6626 	EXP 	grating: autoDraw = False
14.6626 	EXP 	grating: ori = np.float64(17.0)
14.6626 	EXP 	fixation: autoDraw = True
14.8301 	EXP 	Device response: <KeyPress from None: t=14.145240700105205, value=right, duration=0.6720734999980778>
15.1461 	INFO 	Keyboard events cleared
15.1458 	EXP 	grating: autoDraw = True
15.1477 	DATA 	Keypress: right
15.1627 	EXP 	fixation: autoDraw = False
15.3298 	EXP 	Device response: <KeyPress from None: t=14.63383030006662, value=right, duration=0.6883911000331864>
15.4454 	EXP 	grating: autoDraw = False
15.5132 	EXP 	Device response: <KeyPress from None: t=15.50993580010254, value=right, duration=None>
15.5149 	DATA 	Keypress: right
15.5285 	EXP 	fixation: autoDraw = False
15.5285 	EXP 	grating: autoDraw = False
15.5285 	EXP 	grating: ori = np.float64(-17.0)
15.5285 	EXP 	fixation: autoDraw = True
15.6792 	EXP 	Device response: <KeyPress from None: t=15.50993580010254, value=right, duration=0.16184529999736696>
15.8625 	EXP 	Device response: <KeyPress from None: t=15.856188800069503, value=right, duration=None>
15.8637 	DATA 	Keypress: right
16.0123 	EXP 	Device response: <KeyPress from None: t=15.856188800069503, value=right, duration=0.14401559997349977>
16.0284 	INFO 	Keyboard events cleared
16.0282 	EXP 	fixation: autoDraw = False
16.0282 	EXP 	grating: autoDraw = True
16.2121 	EXP 	Device response: <KeyPress from None: t=16.20358440000564, value=right, duration=None>
16.2138 	DATA 	Keypress: right
16.2280 	EXP 	fixation: autoDraw = False
16.2280 	EXP 	grating: autoDraw = False
16.2280 	EXP 	grating: ori = np.float64(-18.0)
16.2280 	EXP 	fixation: autoDraw = True
16.3466 	EXP 	Device response: <KeyPress from None: t=16.20358440000564, value=right, duration=0.13801400002557784>
16.5450 	EXP 	Device response: <KeyPress from None: t=16.53835919999983, value=right, duration=None>
16.5463 	DATA 	Keypress: right
16.7118 	EXP 	Device response: <KeyPress from None: t=16.53835919999983, value=right, duration=0.15760940010659397>
16.7276 	INFO 	Keyboard events cleared
16.7275 	EXP 	fixation: autoDraw = False
16.7275 	EXP 	grating: autoDraw = True
16.9616 	EXP 	Device response: <KeyPress from None: t=16.953109000111, value=right, duration=None>
16.9633 	DATA 	Keypress: right
16.9773 	EXP 	fixation: autoDraw = False
16.9773 	EXP 	grating: autoDraw = False
16.9773 	EXP 	grating: ori = np.float64(19.0)
16.9773 	EXP 	fixation: autoDraw = True
17.0624 	EXP 	Device response: <KeyPress from None: t=16.953109000111, value=right, duration=0.10768049990292639>
17.4610 	INFO 	Keyboard events cleared
17.4608 	EXP 	grating: autoDraw = True
17.4774 	EXP 	fixation: autoDraw = False
17.5778 	EXP 	Device response: <KeyPress from None: t=17.566496500046924, value=left, duration=None>
17.5795 	DATA 	Keypress: left
17.5938 	EXP 	fixation: autoDraw = False
17.5938 	EXP 	grating: autoDraw = False
17.5938 	EXP 	grating: ori = np.float64(-20.0)
17.5938 	EXP 	fixation: autoDraw = True
17.7280 	EXP 	Device response: <KeyPress from None: t=17.566496500046924, value=left, duration=0.15913309995085>
17.9940 	EXP 	Device response: <KeyPress from None: t=17.986535700038075, value=left, duration=None>
17.9952 	DATA 	Keypress: left
18.0772 	INFO 	Keyboard events cleared
18.0770 	EXP 	grating: autoDraw = True
18.0934 	EXP 	fixation: autoDraw = False
18.1440 	EXP 	Device response: <KeyPress from None: t=17.986535700038075, value=left, duration=0.14465909998398274>
18.3762 	EXP 	grating: autoDraw = False
18.3946 	EXP 	Device response: <KeyPress from None: t=18.390155600034632, value=left, duration=None>
18.3963 	DATA 	Keypress: left
18.4095 	EXP 	fixation: autoDraw = False
18.4095 	EXP 	grating: autoDraw = False
18.4095 	EXP 	grating: ori = np.float64(20.0)
18.4095 	EXP 	fixation: autoDraw = True
18.5107 	EXP 	Device response: <KeyPress from None: t=18.390155600034632, value=left, duration=0.11743109999224544>
18.8598 	EXP 	Device response: <KeyPress from None: t=18.848958800081164, value=left, duration=None>
18.8611 	DATA 	Keypress: left
18.9095 	INFO 	Keyboard events cleared
18.9093 	EXP 	fixation: autoDraw = False
18.9093 	EXP 	grating: autoDraw = True
18.9600 	EXP 	Device response: <KeyPress from None: t=18.848958800081164, value=left, duration=0.10082609998062253>
19.2090 	EXP 	grating: autoDraw = False
19.4760 	EXP 	Device response: <KeyPress from None: t=19.469362400006503, value=right, duration=None>
19.4777 	DATA 	Keypress: right
19.4921 	EXP 	fixation: autoDraw = False
19.4921 	EXP 	grating: autoDraw = False
19.4921 	EXP 	grating: ori = np.float64(-20.0)
19.4921 	EXP 	fixation: autoDraw = True
19.6262 	EXP 	Device response: <KeyPress from None: t=19.469362400006503, value=right, duration=0.1457140001002699>
19.9920 	INFO 	Keyboard events cleared
19.9918 	EXP 	fixation: autoDraw = False
19.9918 	EXP 	grating: autoDraw = True
20.0100 	EXP 	Device response: <KeyPress from None: t=20.008448000065982, value=left, duration=None>
20.0117 	DATA 	Keypress: left
20.0252 	EXP 	fixation: autoDraw = False
20.0252 	EXP 	grating: autoDraw = False
20.0252 	EXP 	grating: ori = np.float64(19.5)
20.0252 	EXP 	fixation: autoDraw = True
20.1583 	EXP 	Device response: <KeyPress from None: t=20.008448000065982, value=left, duration=0.1371896000346169>
20.4750 	EXP 	Device response: <KeyPress from None: t=20.464295600075275, value=left, duration=None>
20.4761 	DATA 	Keypress: left
20.5250 	INFO 	Keyboard events cleared
20.5249 	EXP 	fixation: autoDraw = False
20.5249 	EXP 	grating: autoDraw = True
20.6419 	EXP 	Device response: <KeyPress from None: t=20.464295600075275, value=left, duration=0.1650748000247404>
20.8241 	EXP 	grating: autoDraw = False
20.9082 	EXP 	Device response: <KeyPress from None: t=20.895529200090095, value=left, duration=None>
20.9099 	DATA 	Keypress: left
20.9243 	EXP 	fixation: autoDraw = False
20.9243 	EXP 	grating: autoDraw = False
20.9243 	EXP 	grating: ori = np.float64(-20.0)
20.9243 	EXP 	fixation: autoDraw = True
21.0599 	EXP 	Device response: <KeyPress from None: t=20.895529200090095, value=left, duration=0.15812729997560382>
21.3083 	EXP 	Device response: <KeyPress from None: t=21.30392540001776, value=left, duration=None>
21.3095 	DATA 	Keypress: left
21.4240 	INFO 	Keyboard events cleared
21.4238 	EXP 	fixation: autoDraw = False
21.4238 	EXP 	grating: autoDraw = True
21.4579 	EXP 	Device response: <KeyPress from None: t=21.30392540001776, value=left, duration=0.14673070004209876>
21.7236 	EXP 	grating: autoDraw = False
21.7578 	EXP 	Device response: <KeyPress from None: t=21.751173100084998, value=left, duration=None>
21.7595 	DATA 	Keypress: left
21.7736 	EXP 	fixation: autoDraw = False
21.7736 	EXP 	grating: autoDraw = False
21.7736 	EXP 	grating: ori = np.float64(-20.0)
21.7736 	EXP 	fixation: autoDraw = True
21.9077 	EXP 	Device response: <KeyPress from None: t=21.751173100084998, value=left, duration=0.15277909999713302>
22.1082 	EXP 	Device response: <KeyPress from None: t=22.106555700069293, value=left, duration=None>
22.1094 	DATA 	Keypress: left
22.2748 	INFO 	Keyboard events cleared
22.2746 	EXP 	fixation: autoDraw = False
22.2746 	EXP 	grating: autoDraw = True
22.2906 	EXP 	Device response: <KeyPress from None: t=22.106555700069293, value=left, duration=0.17684620001818985>
22.5570 	EXP 	Device response: <KeyPress from None: t=22.5497443000786, value=left, duration=None>
22.5586 	DATA 	Keypress: left
22.5726 	EXP 	fixation: autoDraw = False
22.5726 	EXP 	grating: autoDraw = False
22.5726 	EXP 	grating: ori = np.float64(-20.0)
22.5726 	EXP 	fixation: autoDraw = True
22.7241 	EXP 	Device response: <KeyPress from None: t=22.5497443000786, value=left, duration=0.17284449993167073>
23.0733 	INFO 	Keyboard events cleared
23.0731 	EXP 	fixation: autoDraw = False
23.0731 	EXP 	grating: autoDraw = True
23.0751 	DATA 	Keypress: right
23.3722 	EXP 	grating: autoDraw = False
23.5234 	EXP 	Device response: <KeyPress from None: t=23.519174200017005, value=right, duration=None>
23.5250 	DATA 	Keypress: right
23.5389 	EXP 	fixation: autoDraw = False
23.5389 	EXP 	grating: autoDraw = False
23.5389 	EXP 	grating: ori = np.float64(20.0)
23.5389 	EXP 	fixation: autoDraw = True
23.6725 	EXP 	Device response: <KeyPress from None: t=23.519174200017005, value=right, duration=0.14475450001191348>
23.9224 	EXP 	Device response: <KeyPress from None: t=23.91329510009382, value=right, duration=None>
23.9236 	DATA 	Keypress: right
24.0387 	INFO 	Keyboard events cleared
24.0385 	EXP 	fixation: autoDraw = False
24.0385 	EXP 	grating: autoDraw = True
24.1055 	EXP 	Device response: <KeyPress from None: t=23.91329510009382, value=right, duration=0.17646389990113676>
24.3380 	EXP 	grating: autoDraw = False
24.3720 	EXP 	Device response: <KeyPress from None: t=24.36471370002255, value=right, duration=None>
24.3737 	DATA 	Keypress: right
24.3881 	EXP 	fixation: autoDraw = False
24.3881 	EXP 	grating: autoDraw = False
24.3881 	EXP 	grating: ori = np.float64(20.0)
24.3881 	EXP 	fixation: autoDraw = True
24.5385 	EXP 	Device response: <KeyPress from None: t=24.36471370002255, value=right, duration=0.16331520001403987>
24.7720 	EXP 	Device response: <KeyPress from None: t=24.767649000044912, value=right, duration=None>
24.7732 	DATA 	Keypress: right
24.8880 	INFO 	Keyboard events cleared
24.8878 	EXP 	fixation: autoDraw = False
24.8878 	EXP 	grating: autoDraw = True
24.9546 	EXP 	Device response: <KeyPress from None: t=24.767649000044912, value=right, duration=0.1824367999797687>
25.1549 	EXP 	Device response: <KeyPress from None: t=25.14425090001896, value=right, duration=None>
25.1566 	DATA 	Keypress: right
25.1706 	EXP 	fixation: autoDraw = False
25.1706 	EXP 	grating: autoDraw = False
25.1706 	EXP 	grating: ori = np.float64(-20.0)
25.1706 	EXP 	fixation: autoDraw = True
25.3055 	EXP 	Device response: <KeyPress from None: t=25.14425090001896, value=right, duration=0.15927070006728172>
25.6052 	EXP 	Device response: <KeyPress from None: t=25.60172070004046, value=right, duration=None>
25.6064 	DATA 	Keypress: right
25.6709 	INFO 	Keyboard events cleared
25.6707 	EXP 	fixation: autoDraw = False
25.6707 	EXP 	grating: autoDraw = True
25.8042 	EXP 	Device response: <KeyPress from None: t=25.60172070004046, value=right, duration=0.1900675999931991>
25.9701 	EXP 	grating: autoDraw = False
26.1375 	EXP 	Device response: <KeyPress from None: t=26.12719560007099, value=right, duration=None>
26.1392 	DATA 	Keypress: right
26.1536 	EXP 	fixation: autoDraw = False
26.1536 	EXP 	grating: autoDraw = False
26.1536 	EXP 	grating: ori = np.float64(20.0)
26.1536 	EXP 	fixation: autoDraw = True
26.2549 	EXP 	Device response: <KeyPress from None: t=26.12719560007099, value=right, duration=0.11443329998292029>
26.6049 	DATA 	Keypress: right
26.6203 	EXP 	Device response: <KeyPress from None: t=26.603736100019887, value=right, duration=None>
26.6540 	INFO 	Keyboard events cleared
26.6538 	EXP 	fixation: autoDraw = False
26.6538 	EXP 	grating: autoDraw = True
26.7699 	EXP 	Device response: <KeyPress from None: t=26.603736100019887, value=right, duration=0.16152389999479055>
26.9691 	EXP 	grating: autoDraw = False
27.2363 	EXP 	Device response: <KeyPress from None: t=27.223639500094578, value=right, duration=None>
27.2380 	DATA 	Keypress: right
27.2523 	EXP 	fixation: autoDraw = False
27.2523 	EXP 	grating: autoDraw = False
27.2523 	EXP 	grating: ori = np.float64(20.0)
27.2523 	EXP 	fixation: autoDraw = True
27.2864 	EXP 	Device response: <KeyPress from None: t=27.223639500094578, value=right, duration=0.047773699974641204>
27.7521 	INFO 	Keyboard events cleared
27.7520 	EXP 	fixation: autoDraw = False
27.7520 	EXP 	grating: autoDraw = True
27.8860 	EXP 	Device response: <KeyPress from None: t=27.87783060001675, value=right, duration=None>
27.8878 	DATA 	Keypress: right
27.9017 	EXP 	fixation: autoDraw = False
27.9017 	EXP 	grating: autoDraw = False
27.9017 	EXP 	grating: ori = np.float64(20.0)
27.9017 	EXP 	fixation: autoDraw = True
28.0195 	EXP 	Device response: <KeyPress from None: t=27.87783060001675, value=right, duration=0.1374811000423506>
28.4017 	INFO 	Keyboard events cleared
28.4016 	EXP 	fixation: autoDraw = False
28.4016 	EXP 	grating: autoDraw = True
28.4866 	EXP 	Device response: <KeyPress from None: t=28.483234900049865, value=right, duration=None>
28.4884 	DATA 	Keypress: right
28.5013 	EXP 	fixation: autoDraw = False
28.5013 	EXP 	grating: autoDraw = False
28.5013 	EXP 	grating: ori = np.float64(19.5)
28.5013 	EXP 	fixation: autoDraw = True
28.6363 	EXP 	Device response: <KeyPress from None: t=28.483234900049865, value=right, duration=0.15155730000697076>
29.0005 	INFO 	Keyboard events cleared
29.0004 	EXP 	fixation: autoDraw = False
29.0004 	EXP 	grating: autoDraw = True
29.2997 	EXP 	grating: autoDraw = False
29.5017 	EXP 	Device response: <KeyPress from None: t=29.501107900054194, value=right, duration=None>
29.5026 	DATA 	Keypress: right
29.5343 	EXP 	fixation: autoDraw = False
29.5343 	EXP 	grating: autoDraw = False
29.5343 	EXP 	grating: ori = np.float64(19.5)
29.5343 	EXP 	fixation: autoDraw = True
29.6512 	EXP 	Device response: <KeyPress from None: t=29.501107900054194, value=right, duration=0.13945480005349964>
30.0337 	INFO 	Keyboard events cleared
30.0336 	EXP 	fixation: autoDraw = False
30.0336 	EXP 	grating: autoDraw = True
30.0673 	EXP 	Device response: <KeyPress from None: t=30.060888300067745, value=right, duration=None>
30.0690 	DATA 	Keypress: right
30.0834 	EXP 	fixation: autoDraw = False
30.0834 	EXP 	grating: autoDraw = False
30.0834 	EXP 	grating: ori = np.float64(-19.5)
30.0834 	EXP 	fixation: autoDraw = True
30.2011 	EXP 	Device response: <KeyPress from None: t=30.060888300067745, value=right, duration=0.13256749999709427>
30.5691 	EXP 	Device response: <KeyPress from None: t=30.563010500045493, value=right, duration=None>
30.5700 	DATA 	Keypress: right
30.5821 	INFO 	Keyboard events cleared
30.5820 	EXP 	fixation: autoDraw = False
30.5820 	EXP 	grating: autoDraw = True
30.6835 	EXP 	Device response: <KeyPress from None: t=30.563010500045493, value=right, duration=0.10473190003540367>
30.8827 	EXP 	grating: autoDraw = False
31.6666 	EXP 	Device response: <KeyPress from None: t=31.665005600079894, value=right, duration=None>
31.6675 	DATA 	Keypress: right
31.6813 	EXP 	fixation: autoDraw = False
31.6813 	EXP 	grating: autoDraw = False
31.6813 	EXP 	grating: ori = np.float64(-20.0)
31.6813 	EXP 	fixation: autoDraw = True
31.8315 	EXP 	Device response: <KeyPress from None: t=31.665005600079894, value=right, duration=0.1497786999680102>
32.1810 	INFO 	Keyboard events cleared
32.1809 	EXP 	fixation: autoDraw = False
32.1809 	EXP 	grating: autoDraw = True
32.4812 	EXP 	grating: autoDraw = False
33.0145 	EXP 	Device response: <KeyPress from None: t=33.01173980010208, value=right, duration=None>
33.0155 	DATA 	Keypress: right
33.0304 	EXP 	fixation: autoDraw = False
33.0304 	EXP 	grating: autoDraw = False
33.0304 	EXP 	grating: ori = np.float64(20.0)
33.0304 	EXP 	fixation: autoDraw = True
33.1649 	EXP 	Device response: <KeyPress from None: t=33.01173980010208, value=right, duration=0.15160409989766777>
33.4806 	EXP 	Device response: <KeyPress from None: t=33.47523700003512, value=right, duration=None>
33.4813 	DATA 	Keypress: right
33.5295 	INFO 	Keyboard events cleared
33.5294 	EXP 	fixation: autoDraw = False
33.5294 	EXP 	grating: autoDraw = True
33.6471 	EXP 	Device response: <KeyPress from None: t=33.47523700003512, value=right, duration=0.1559281999943778>
33.8304 	EXP 	grating: autoDraw = False
34.2817 	EXP 	Device response: <KeyPress from None: t=34.28137590002734, value=right, duration=None>
34.2834 	DATA 	Keypress: right
34.2966 	EXP 	fixation: autoDraw = False
34.2966 	EXP 	grating: autoDraw = False
34.2966 	EXP 	grating: ori = np.float64(-20.0)
34.2966 	EXP 	fixation: autoDraw = True
34.4469 	EXP 	Device response: <KeyPress from None: t=34.28137590002734, value=right, duration=0.15795570006594062>
34.7811 	EXP 	Device response: <KeyPress from None: t=34.77729650004767, value=right, duration=None>
34.7827 	DATA 	Keypress: right
34.7963 	INFO 	Keyboard events cleared
34.7962 	EXP 	fixation: autoDraw = False
34.7962 	EXP 	grating: autoDraw = True
34.9470 	EXP 	Device response: <KeyPress from None: t=34.77729650004767, value=right, duration=0.15406590001657605>
35.0959 	EXP 	grating: autoDraw = False
35.2140 	EXP 	Device response: <KeyPress from None: t=35.20968140009791, value=right, duration=None>
35.2157 	DATA 	Keypress: right
35.2290 	EXP 	fixation: autoDraw = False
35.2290 	EXP 	grating: autoDraw = False
35.2290 	EXP 	grating: ori = np.float64(20.0)
35.2290 	EXP 	fixation: autoDraw = True
35.3796 	EXP 	Device response: <KeyPress from None: t=35.20968140009791, value=right, duration=0.15680979995522648>
35.7287 	INFO 	Keyboard events cleared
35.7285 	EXP 	fixation: autoDraw = False
35.7285 	EXP 	grating: autoDraw = True
36.0133 	EXP 	Device response: <KeyPress from None: t=36.012951000011526, value=left, duration=None>
36.0150 	DATA 	Keypress: left
36.0297 	EXP 	grating: autoDraw = False
36.0297 	EXP 	fixation: autoDraw = False
36.0297 	EXP 	grating: autoDraw = False
36.0297 	EXP 	grating: ori = np.float64(-20.0)
36.0297 	EXP 	fixation: autoDraw = True
36.2291 	EXP 	Device response: <KeyPress from None: t=36.012951000011526, value=left, duration=0.20368270005565137>
36.5287 	INFO 	Keyboard events cleared
36.5285 	EXP 	grating: autoDraw = True
36.5452 	EXP 	fixation: autoDraw = False
36.6455 	EXP 	Device response: <KeyPress from None: t=36.634300900041126, value=left, duration=None>
36.6472 	DATA 	Keypress: left
36.6611 	EXP 	fixation: autoDraw = False
36.6611 	EXP 	grating: autoDraw = False
36.6611 	EXP 	grating: ori = np.float64(20.0)
36.6611 	EXP 	fixation: autoDraw = True
36.7622 	EXP 	Device response: <KeyPress from None: t=36.634300900041126, value=left, duration=0.12436120002530515>
37.1611 	INFO 	Keyboard events cleared
37.1610 	EXP 	fixation: autoDraw = False
37.1610 	EXP 	grating: autoDraw = True
37.4609 	EXP 	grating: autoDraw = False
38.6436 	EXP 	Device response: <KeyPress from None: t=38.63419320003595, value=right, duration=None>
38.6454 	DATA 	Keypress: right
38.6595 	EXP 	fixation: autoDraw = False
38.6595 	EXP 	grating: autoDraw = False
38.6595 	EXP 	grating: ori = np.float64(-20.0)
38.6595 	EXP 	fixation: autoDraw = True
38.8423 	EXP 	Device response: <KeyPress from None: t=38.63419320003595, value=right, duration=0.20080650004092604>
39.1586 	INFO 	Keyboard events cleared
39.1584 	EXP 	fixation: autoDraw = False
39.1584 	EXP 	grating: autoDraw = True
39.1595 	DATA 	Keypress: right
39.4588 	EXP 	grating: autoDraw = False
39.6910 	EXP 	Device response: <KeyPress from None: t=39.681563800084405, value=right, duration=None>
39.6918 	DATA 	Keypress: right
39.7079 	EXP 	fixation: autoDraw = False
39.7079 	EXP 	grating: autoDraw = False
39.7079 	EXP 	grating: ori = np.float64(-20.0)
39.7079 	EXP 	fixation: autoDraw = True
39.8248 	EXP 	Device response: <KeyPress from None: t=39.681563800084405, value=right, duration=0.13083289994392544>
40.1917 	INFO 	Keyboard events cleared
40.1916 	EXP 	grating: autoDraw = True
40.2077 	EXP 	fixation: autoDraw = False
40.2081 	EXP 	Device response: <KeyPress from None: t=40.203633600031026, value=right, duration=None>
40.2090 	DATA 	Keypress: right
40.2243 	EXP 	fixation: autoDraw = False
40.2243 	EXP 	grating: autoDraw = False
40.2243 	EXP 	grating: ori = np.float64(20.0)
40.2243 	EXP 	fixation: autoDraw = True
40.3755 	EXP 	Device response: <KeyPress from None: t=40.203633600031026, value=right, duration=0.16819210001267493>
40.7256 	INFO 	Keyboard events cleared
40.7255 	EXP 	fixation: autoDraw = False
40.7255 	EXP 	grating: autoDraw = True
41.0409 	EXP 	grating: autoDraw = False
42.4232 	EXP 	Device response: <KeyPress from None: t=42.41467460000422, value=right, duration=None>
42.4243 	DATA 	Keypress: right
42.4390 	EXP 	fixation: autoDraw = False
42.4390 	EXP 	grating: autoDraw = False
42.4390 	EXP 	grating: ori = np.float64(20.0)
42.4390 	EXP 	fixation: autoDraw = True
42.6062 	EXP 	Device response: <KeyPress from None: t=42.41467460000422, value=right, duration=0.18386950006242841>
42.9388 	INFO 	Keyboard events cleared
42.9388 	EXP 	fixation: autoDraw = False
42.9388 	EXP 	grating: autoDraw = True
43.2385 	EXP 	grating: autoDraw = False
43.8049 	EXP 	Device response: <KeyPress from None: t=43.80064750008751, value=right, duration=None>
43.8058 	DATA 	Keypress: right
43.8213 	EXP 	fixation: autoDraw = False
43.8213 	EXP 	grating: autoDraw = False
43.8213 	EXP 	grating: ori = np.float64(20.0)
43.8213 	EXP 	fixation: autoDraw = True
44.0053 	EXP 	Device response: <KeyPress from None: t=43.80064750008751, value=right, duration=0.18965359998401254>
44.3048 	INFO 	Keyboard events cleared
44.3047 	EXP 	grating: autoDraw = True
44.3206 	EXP 	fixation: autoDraw = False
44.5215 	EXP 	Device response: <KeyPress from None: t=44.51260280003771, value=right, duration=None>
44.5225 	DATA 	Keypress: right
44.5375 	EXP 	fixation: autoDraw = False
44.5375 	EXP 	grating: autoDraw = False
44.5375 	EXP 	grating: ori = np.float64(-19.5)
44.5375 	EXP 	fixation: autoDraw = True
44.7051 	EXP 	Device response: <KeyPress from None: t=44.51260280003771, value=right, duration=0.18685100006405264>
45.0206 	INFO 	Keyboard events cleared
45.0204 	EXP 	grating: autoDraw = True
45.0376 	EXP 	fixation: autoDraw = False
45.1051 	EXP 	Device response: <KeyPress from None: t=45.1035304000834, value=right, duration=None>
45.1062 	DATA 	Keypress: right
45.1204 	EXP 	fixation: autoDraw = False
45.1204 	EXP 	grating: autoDraw = False
45.1204 	EXP 	grating: ori = np.float64(20.0)
45.1204 	EXP 	fixation: autoDraw = True
45.2706 	EXP 	Device response: <KeyPress from None: t=45.1035304000834, value=right, duration=0.1557702999562025>
45.6204 	INFO 	Keyboard events cleared
45.6202 	EXP 	fixation: autoDraw = False
45.6202 	EXP 	grating: autoDraw = True
45.9199 	EXP 	grating: autoDraw = False
46.7200 	EXP 	Device response: <KeyPress from None: t=46.70579420006834, value=right, duration=None>
46.7211 	DATA 	Keypress: right
46.7365 	EXP 	fixation: autoDraw = False
46.7365 	EXP 	grating: autoDraw = False
46.7365 	EXP 	grating: ori = np.float64(-20.0)
46.7365 	EXP 	fixation: autoDraw = True
46.8693 	EXP 	Device response: <KeyPress from None: t=46.70579420006834, value=right, duration=0.15669319999869913>
47.2357 	INFO 	Keyboard events cleared
47.2356 	EXP 	grating: autoDraw = True
47.2521 	EXP 	fixation: autoDraw = False
47.5356 	EXP 	grating: autoDraw = False
47.9850 	EXP 	Device response: <KeyPress from None: t=47.976947300019674, value=right, duration=None>
47.9859 	DATA 	Keypress: right
48.0013 	EXP 	fixation: autoDraw = False
48.0013 	EXP 	grating: autoDraw = False
48.0013 	EXP 	grating: ori = np.float64(20.0)
48.0013 	EXP 	fixation: autoDraw = True
48.1518 	EXP 	Device response: <KeyPress from None: t=47.976947300019674, value=right, duration=0.1703181000193581>
48.4844 	INFO 	Keyboard events cleared
48.4843 	EXP 	grating: autoDraw = True
48.5011 	EXP 	fixation: autoDraw = False
48.7835 	EXP 	grating: autoDraw = False
49.4505 	EXP 	Device response: <KeyPress from None: t=49.443398900097236, value=left, duration=None>
49.4514 	DATA 	Keypress: left
49.4667 	EXP 	fixation: autoDraw = False
49.4667 	EXP 	grating: autoDraw = False
49.4667 	EXP 	grating: ori = np.float64(20.0)
49.4667 	EXP 	fixation: autoDraw = True
49.6501 	EXP 	Device response: <KeyPress from None: t=49.443398900097236, value=left, duration=0.19407019997015595>
49.9498 	INFO 	Keyboard events cleared
49.9497 	EXP 	grating: autoDraw = True
49.9667 	EXP 	fixation: autoDraw = False
50.2495 	EXP 	grating: autoDraw = False
50.9318 	EXP 	Device response: <KeyPress from None: t=50.92165430006571, value=right, duration=None>
50.9326 	DATA 	Keypress: right
50.9495 	EXP 	fixation: autoDraw = False
50.9495 	EXP 	grating: autoDraw = False
50.9495 	EXP 	grating: ori = np.float64(20.0)
50.9495 	EXP 	fixation: autoDraw = True
51.1000 	EXP 	Device response: <KeyPress from None: t=50.92165430006571, value=right, duration=0.1703290999867022>
51.4330 	INFO 	Keyboard events cleared
51.4328 	EXP 	grating: autoDraw = True
51.4494 	EXP 	fixation: autoDraw = False
51.7326 	EXP 	grating: autoDraw = False
52.0492 	EXP 	Device response: <KeyPress from None: t=52.03806220006663, value=right, duration=None>
52.0504 	DATA 	Keypress: right
52.0654 	EXP 	fixation: autoDraw = False
52.0654 	EXP 	grating: autoDraw = False
52.0658 	EXP 	untitled: status = STOPPED
52.0917 	INFO 	saved data to 'C:\\Users\\DELL\\Desktop\\data\\412949_untitled_2025-09-04_10h30.21.047.csv'
52.0934 	INFO 	saved data to C:\Users\DELL\Desktop\data\412949_untitled_2025-09-04_10h30.21.047.psydat
52.5645 	WARNING 	Stopping key buffers but this could be dangerous ifother keyboards rely on the same.
52.5723 	WARNING 	Stopping key buffers but this could be dangerous ifother keyboards rely on the same.
